===========================================================================
3D Spectral Fractional PINN (Julia port)
===========================================================================
Grid: 11x11x11x21 = 27951 points
--- Adam ---
Epoch    1/4000 | loss=3.9121e+01 | L2 u=9.8493e-01 L2 v=9.9667e-01
Epoch  100/4000 | loss=2.3881e+01 | L2 u=8.3435e-01 L2 v=7.1314e-01
Epoch  200/4000 | loss=1.7851e+01 | L2 u=7.8937e-01 L2 v=5.6074e-01
Epoch  300/4000 | loss=1.3817e+01 | L2 u=7.4670e-01 L2 v=4.4757e-01
Epoch  400/4000 | loss=1.1054e+01 | L2 u=7.0483e-01 L2 v=3.5805e-01
Epoch  500/4000 | loss=9.1378e+00 | L2 u=6.6696e-01 L2 v=2.8659e-01
Epoch  600/4000 | loss=7.7863e+00 | L2 u=6.2999e-01 L2 v=2.3216e-01
Epoch  700/4000 | loss=6.5851e+00 | L2 u=5.5850e-01 L2 v=2.0648e-01
Epoch  800/4000 | loss=5.4385e+00 | L2 u=4.9247e-01 L2 v=1.8278e-01
Epoch  900/4000 | loss=4.5723e+00 | L2 u=4.3072e-01 L2 v=1.6877e-01
Epoch 1000/4000 | loss=3.7236e+00 | L2 u=3.8407e-01 L2 v=1.5317e-01
Epoch 1100/4000 | loss=3.1705e+00 | L2 u=3.4739e-01 L2 v=1.4212e-01
Epoch 1200/4000 | loss=2.5973e+00 | L2 u=3.0720e-01 L2 v=1.3935e-01
Epoch 1300/4000 | loss=1.9479e+00 | L2 u=2.7980e-01 L2 v=1.3549e-01
Epoch 1400/4000 | loss=1.4236e+00 | L2 u=2.5744e-01 L2 v=1.3314e-01
Epoch 1500/4000 | loss=1.0542e+00 | L2 u=2.1847e-01 L2 v=1.3324e-01
Epoch 1600/4000 | loss=8.0586e-01 | L2 u=2.1230e-01 L2 v=1.3161e-01
Epoch 1700/4000 | loss=5.9629e-01 | L2 u=1.9579e-01 L2 v=1.2840e-01
Epoch 1800/4000 | loss=4.7427e-01 | L2 u=1.7706e-01 L2 v=1.2237e-01
Epoch 1900/4000 | loss=4.0058e-01 | L2 u=1.6442e-01 L2 v=1.1584e-01
Epoch 2000/4000 | loss=3.3808e-01 | L2 u=1.5347e-01 L2 v=1.0877e-01
Epoch 2100/4000 | loss=2.8137e-01 | L2 u=1.4451e-01 L2 v=1.0171e-01
Epoch 2200/4000 | loss=2.3705e-01 | L2 u=1.3755e-01 L2 v=9.5241e-02
Epoch 2300/4000 | loss=2.0472e-01 | L2 u=1.3179e-01 L2 v=9.0789e-02
Epoch 2400/4000 | loss=1.7714e-01 | L2 u=1.2589e-01 L2 v=8.6895e-02
Epoch 2500/4000 | loss=1.4871e-01 | L2 u=1.2035e-01 L2 v=8.1233e-02
Epoch 2600/4000 | loss=1.2563e-01 | L2 u=1.1535e-01 L2 v=7.5883e-02
Epoch 2700/4000 | loss=1.0601e-01 | L2 u=1.1042e-01 L2 v=6.9946e-02
Epoch 2800/4000 | loss=8.8711e-02 | L2 u=1.0613e-01 L2 v=6.3887e-02
Epoch 2900/4000 | loss=7.6052e-02 | L2 u=1.0084e-01 L2 v=5.8162e-02
Epoch 3000/4000 | loss=6.4007e-02 | L2 u=9.6192e-02 L2 v=5.1795e-02
Epoch 3100/4000 | loss=5.5383e-02 | L2 u=9.1144e-02 L2 v=4.7331e-02
Epoch 3200/4000 | loss=4.8567e-02 | L2 u=8.6294e-02 L2 v=4.3656e-02
Epoch 3300/4000 | loss=4.2354e-02 | L2 u=8.1694e-02 L2 v=4.0452e-02
Epoch 3400/4000 | loss=3.8323e-02 | L2 u=7.7535e-02 L2 v=3.8128e-02
Epoch 3500/4000 | loss=3.3041e-02 | L2 u=7.3180e-02 L2 v=3.5051e-02
Epoch 3600/4000 | loss=2.9352e-02 | L2 u=6.9477e-02 L2 v=3.2638e-02
Epoch 3700/4000 | loss=2.6178e-02 | L2 u=6.6027e-02 L2 v=3.0369e-02
Epoch 3800/4000 | loss=3.1928e-02 | L2 u=6.2248e-02 L2 v=2.8546e-02
Epoch 3900/4000 | loss=2.0661e-02 | L2 u=5.9810e-02 L2 v=2.6234e-02
Epoch 4000/4000 | loss=1.8578e-02 | L2 u=5.6801e-02 L2 v=2.4286e-02
Adam done in 18828.28s
--- Extra Adam refinement (L-BFGS interop issue, see comment) ---
Refine    1/1000 | loss=1.8572e-02 | L2 u=5.6818e-02 L2 v=2.4456e-02
Refine   20/1000 | loss=1.8168e-02 | L2 u=5.6507e-02 L2 v=2.4053e-02
Refine   40/1000 | loss=1.7922e-02 | L2 u=5.6190e-02 L2 v=2.3824e-02
Refine   60/1000 | loss=1.7762e-02 | L2 u=5.5987e-02 L2 v=2.3683e-02
Refine   80/1000 | loss=1.7656e-02 | L2 u=5.5854e-02 L2 v=2.3589e-02
Refine  100/1000 | loss=1.7585e-02 | L2 u=5.5762e-02 L2 v=2.3525e-02
Refine  120/1000 | loss=1.7538e-02 | L2 u=5.5700e-02 L2 v=2.3482e-02
Refine  140/1000 | loss=1.7506e-02 | L2 u=5.5658e-02 L2 v=2.3453e-02
Refine  160/1000 | loss=1.7484e-02 | L2 u=5.5630e-02 L2 v=2.3434e-02
Refine  180/1000 | loss=1.7470e-02 | L2 u=5.5611e-02 L2 v=2.3421e-02
Refine  200/1000 | loss=1.7460e-02 | L2 u=5.5598e-02 L2 v=2.3412e-02
Refine  220/1000 | loss=1.7453e-02 | L2 u=5.5589e-02 L2 v=2.3406e-02
Refine  240/1000 | loss=1.7449e-02 | L2 u=5.5583e-02 L2 v=2.3402e-02
Refine  260/1000 | loss=1.7446e-02 | L2 u=5.5579e-02 L2 v=2.3399e-02
Refine  280/1000 | loss=1.7444e-02 | L2 u=5.5577e-02 L2 v=2.3397e-02
Refine  300/1000 | loss=1.7443e-02 | L2 u=5.5575e-02 L2 v=2.3396e-02
Refine  320/1000 | loss=1.7442e-02 | L2 u=5.5574e-02 L2 v=2.3395e-02
Refine  340/1000 | loss=1.7441e-02 | L2 u=5.5573e-02 L2 v=2.3395e-02
Refine  360/1000 | loss=1.7441e-02 | L2 u=5.5572e-02 L2 v=2.3394e-02
Refine  380/1000 | loss=1.7440e-02 | L2 u=5.5572e-02 L2 v=2.3394e-02
Refine  400/1000 | loss=1.7440e-02 | L2 u=5.5572e-02 L2 v=2.3394e-02
Refine  420/1000 | loss=1.7440e-02 | L2 u=5.5572e-02 L2 v=2.3394e-02
Refine  440/1000 | loss=1.7440e-02 | L2 u=5.5571e-02 L2 v=2.3394e-02
Refine  460/1000 | loss=1.7440e-02 | L2 u=5.5571e-02 L2 v=2.3394e-02
Refine  480/1000 | loss=1.7440e-02 | L2 u=5.5571e-02 L2 v=2.3394e-02
Refine  500/1000 | loss=1.7440e-02 | L2 u=5.5571e-02 L2 v=2.3394e-02
Refine  520/1000 | loss=1.7440e-02 | L2 u=5.5571e-02 L2 v=2.3394e-02
Refine  540/1000 | loss=1.7440e-02 | L2 u=5.5571e-02 L2 v=2.3394e-02
Refine  560/1000 | loss=1.7440e-02 | L2 u=5.5571e-02 L2 v=2.3394e-02
Refine  580/1000 | loss=1.7440e-02 | L2 u=5.5571e-02 L2 v=2.3394e-02
Refine  600/1000 | loss=1.7440e-02 | L2 u=5.5571e-02 L2 v=2.3394e-02
Refine  620/1000 | loss=1.7440e-02 | L2 u=5.5571e-02 L2 v=2.3394e-02
Refine  640/1000 | loss=1.7440e-02 | L2 u=5.5571e-02 L2 v=2.3394e-02
Refine  660/1000 | loss=1.7440e-02 | L2 u=5.5571e-02 L2 v=2.3394e-02
Refine  680/1000 | loss=1.7440e-02 | L2 u=5.5571e-02 L2 v=2.3394e-02
Refine  700/1000 | loss=1.7440e-02 | L2 u=5.5571e-02 L2 v=2.3394e-02
Refine  720/1000 | loss=1.7440e-02 | L2 u=5.5571e-02 L2 v=2.3394e-02
Refine  740/1000 | loss=1.7440e-02 | L2 u=5.5571e-02 L2 v=2.3394e-02
Refine  760/1000 | loss=1.7440e-02 | L2 u=5.5571e-02 L2 v=2.3394e-02
Refine  780/1000 | loss=1.7440e-02 | L2 u=5.5571e-02 L2 v=2.3394e-02
Refine  800/1000 | loss=1.7440e-02 | L2 u=5.5571e-02 L2 v=2.3394e-02
Refine  820/1000 | loss=1.7440e-02 | L2 u=5.5571e-02 L2 v=2.3394e-02
Refine  840/1000 | loss=1.7440e-02 | L2 u=5.5571e-02 L2 v=2.3394e-02
Refine  860/1000 | loss=1.7440e-02 | L2 u=5.5571e-02 L2 v=2.3394e-02
Refine  880/1000 | loss=1.7440e-02 | L2 u=5.5571e-02 L2 v=2.3394e-02
Refine  900/1000 | loss=1.7440e-02 | L2 u=5.5571e-02 L2 v=2.3394e-02
Refine  920/1000 | loss=1.7440e-02 | L2 u=5.5571e-02 L2 v=2.3394e-02
Refine  940/1000 | loss=1.7440e-02 | L2 u=5.5571e-02 L2 v=2.3394e-02
Refine  960/1000 | loss=1.7440e-02 | L2 u=5.5571e-02 L2 v=2.3394e-02
Refine  980/1000 | loss=1.7440e-02 | L2 u=5.5571e-02 L2 v=2.3394e-02
Refine 1000/1000 | loss=1.7440e-02 | L2 u=5.5571e-02 L2 v=2.3394e-02
Refinement done in 4742.68s
===========================================================================
3D Training Complete in 23571.88 seconds
Final Loss: 1.7440e-02 | Rel L2 u: 5.56% | Rel L2 v: 2.34%
===========================================================================
