======================================================================
3D INVERSE DISCOVERY (Julia) | true a=0.40 b=0.70 | init a=0.65 b=0.35 | seed=0
======================================================================
--- Stage A/B: memory-free field pretraining ---
[Stage A/B] Epoch     1/2000 | loss=4.4518e+00
[Stage A/B] Epoch   200/2000 | loss=2.0038e+00
[Stage A/B] Epoch   400/2000 | loss=1.1904e+00
[Stage A/B] Epoch   600/2000 | loss=7.9909e-01
[Stage A/B] Epoch   800/2000 | loss=5.6525e-01
[Stage A/B] Epoch  1000/2000 | loss=4.1159e-01
[Stage A/B] Epoch  1200/2000 | loss=2.0405e+00
[Stage A/B] Epoch  1400/2000 | loss=1.4256e+00
[Stage A/B] Epoch  1600/2000 | loss=9.7326e-01
[Stage A/B] Epoch  1800/2000 | loss=6.4866e-01
[Stage A/B] Epoch  2000/2000 | loss=3.9683e-01
--- Stage B: extra Adam field refinement (L-BFGS interop issue, see comment) ---
Post-refinement field loss: 3.1051e-01
--- Stage C: network frozen; alpha, beta discovery ---
[Discovery] Step    1/4000 | loss=3.3240e-01 | alpha=0.6503 (err 62.6%) | beta=0.3503 (err 50.0%)
[Discovery] Step  200/4000 | loss=3.2982e-01 | alpha=0.7058 (err 76.5%) | beta=0.4161 (err 40.6%)
[Discovery] Step  400/4000 | loss=3.2789e-01 | alpha=0.7414 (err 85.3%) | beta=0.4749 (err 32.2%)
[Discovery] Step  600/4000 | loss=3.2647e-01 | alpha=0.7645 (err 91.1%) | beta=0.5242 (err 25.1%)
[Discovery] Step  800/4000 | loss=3.2545e-01 | alpha=0.7801 (err 95.0%) | beta=0.5644 (err 19.4%)
[Discovery] Step 1000/4000 | loss=3.2472e-01 | alpha=0.7909 (err 97.7%) | beta=0.5967 (err 14.8%)
[Discovery] Step 1200/4000 | loss=3.2418e-01 | alpha=0.7987 (err 99.7%) | beta=0.6227 (err 11.0%)
[Discovery] Step 1400/4000 | loss=3.2378e-01 | alpha=0.8043 (err 101.1%) | beta=0.6437 (err 8.0%)
[Discovery] Step 1600/4000 | loss=3.2348e-01 | alpha=0.8085 (err 102.1%) | beta=0.6609 (err 5.6%)
[Discovery] Step 1800/4000 | loss=3.2325e-01 | alpha=0.8117 (err 102.9%) | beta=0.6751 (err 3.6%)
[Discovery] Step 2000/4000 | loss=3.2307e-01 | alpha=0.8141 (err 103.5%) | beta=0.6870 (err 1.9%)
[Discovery] Step 2200/4000 | loss=3.2293e-01 | alpha=0.8160 (err 104.0%) | beta=0.6969 (err 0.4%)
[Discovery] Step 2400/4000 | loss=3.2282e-01 | alpha=0.8175 (err 104.4%) | beta=0.7054 (err 0.8%)
[Discovery] Step 2600/4000 | loss=3.2273e-01 | alpha=0.8187 (err 104.7%) | beta=0.7126 (err 1.8%)
[Discovery] Step 2800/4000 | loss=3.2265e-01 | alpha=0.8196 (err 104.9%) | beta=0.7188 (err 2.7%)
[Discovery] Step 3000/4000 | loss=3.2259e-01 | alpha=0.8203 (err 105.1%) | beta=0.7241 (err 3.4%)
[Discovery] Step 3200/4000 | loss=3.2253e-01 | alpha=0.8209 (err 105.2%) | beta=0.7287 (err 4.1%)
[Discovery] Step 3400/4000 | loss=3.2249e-01 | alpha=0.8214 (err 105.4%) | beta=0.7328 (err 4.7%)
[Discovery] Step 3600/4000 | loss=3.2245e-01 | alpha=0.8218 (err 105.5%) | beta=0.7363 (err 5.2%)
[Discovery] Step 3800/4000 | loss=3.2242e-01 | alpha=0.8222 (err 105.5%) | beta=0.7394 (err 5.6%)
[Discovery] Step 4000/4000 | loss=3.2239e-01 | alpha=0.8224 (err 105.6%) | beta=0.7422 (err 6.0%)
======================================================================
Completed in 14165.94s
alpha: true=0.400 discovered=0.822 (err=105.61%)
beta:  true=0.700 discovered=0.742 (err=6.02%)
======================================================================
